\BOOKMARK [0][-]{Doc-Start}{\376\377\004\022\004\022\004\025\004\024\004\025\004\035\004\030\004\025}{}% 1
\BOOKMARK [0][-]{chapter.1}{\376\377\004\020\004\075\004\060\004\073\004\070\004\102\004\070\004\107\004\065\004\101\004\072\004\060\004\117\000\040\004\107\004\060\004\101\004\102\004\114}{}% 2
\BOOKMARK [1][-]{section.1.1}{\376\377\004\021\004\076\004\073\004\114\004\110\004\070\004\065\000\040\004\117\004\067\004\113\004\072\004\076\004\062\004\113\004\065\000\040\004\074\004\076\004\064\004\065\004\073\004\070}{chapter.1}% 3
\BOOKMARK [1][-]{section.1.2}{\376\377\000Q\000w\000e\000n\0003\000-\000C\000o\000d\000e\000r}{chapter.1}% 4
\BOOKMARK [1][-]{section.1.3}{\376\377\000d\000e\000e\000p\000s\000e\000e\000k}{chapter.1}% 5
\BOOKMARK [1][-]{section.1.4}{\376\377\000C\000h\000a\000t\000G\000P\000T\000\040\0005\000.\0001}{chapter.1}% 6
\BOOKMARK [1][-]{section.1.5}{\376\377\004\040\004\065\004\063\004\103\004\073\004\117\004\100\004\075\004\113\004\065\000\040\004\062\004\113\004\100\004\060\004\066\004\065\004\075\004\070\004\117}{chapter.1}% 7
\BOOKMARK [1][-]{section.1.6}{\376\377\004\022\004\113\004\062\004\076\004\064}{chapter.1}% 8
\BOOKMARK [0][-]{chapter.2}{\376\377\004\032\004\076\004\075\004\101\004\102\004\100\004\103\004\072\004\102\004\076\004\100\004\101\004\072\004\060\004\117\000\040\004\107\004\060\004\101\004\102\004\114}{}% 9
\BOOKMARK [1][-]{section.2.1}{\376\377\004\036\004\077\004\070\004\101\004\060\004\075\004\070\004\065\000\040\004\060\004\073\004\063\004\076\004\100\004\070\004\102\004\074\004\060\000\040\004\062\004\067\004\060\004\070\004\074\004\076\004\064\004\065\004\071\004\101\004\102\004\062\004\070\004\117\000\040\004\101\000\040\004\021\004\057\004\034}{chapter.2}% 10
\BOOKMARK [1][-]{section.2.2}{\376\377\004\022\004\113\004\062\004\076\004\064}{chapter.2}% 11
\BOOKMARK [0][-]{chapter.3}{\376\377\004\042\004\065\004\105\004\075\004\076\004\073\004\076\004\063\004\070\004\107\004\065\004\101\004\072\004\060\004\117\000\040\004\107\004\060\004\101\004\102\004\114}{}% 12
\BOOKMARK [1][-]{section.3.1}{\376\377\004\040\004\065\004\060\004\073\004\070\004\067\004\060\004\106\004\070\004\117\000\040\004\101\000\040\004\077\004\076\004\074\004\076\004\111\004\114\004\116\000\040\004\074\004\076\004\064\004\065\004\073\004\114\000\040\000Q\000w\000e\000n\000\040\000C\000o\000d\000e\000r}{chapter.3}% 13
\BOOKMARK [1][-]{section.3.2}{\376\377\004\040\004\065\004\060\004\073\004\070\004\067\004\060\004\106\004\070\004\117\000\040\004\101\000\040\004\077\004\076\004\074\004\076\004\111\004\114\004\116\000\040\004\074\004\076\004\064\004\065\004\073\004\114\000\040\000D\000e\000e\000p\000S\000e\000e\000k}{chapter.3}% 14
\BOOKMARK [1][-]{section.3.3}{\376\377\004\040\004\065\004\060\004\073\004\070\004\067\004\060\004\106\004\070\004\117\000\040\004\101\000\040\004\077\004\076\004\074\004\076\004\111\004\114\004\116\000\040\004\074\004\076\004\064\004\065\004\073\004\114\000\040\000C\000h\000a\000t\000G\000P\000T\000\040\0005\000.\0001}{chapter.3}% 15
\BOOKMARK [1][-]{section.3.4}{\376\377\004\022\004\113\004\062\004\076\004\064}{chapter.3}% 16
\BOOKMARK [0][-]{chapter.4}{\376\377\004\030\004\101\004\101\004\073\004\065\004\064\004\076\004\062\004\060\004\102\004\065\004\073\004\114\004\101\004\072\004\060\004\117\000\040\004\107\004\060\004\101\004\102\004\114}{}% 17
\BOOKMARK [1][-]{section.4.1}{\376\377\004\022\004\100\004\065\004\074\004\065\004\075\004\075\004\060\004\117\000\040\004\101\004\073\004\076\004\066\004\075\004\076\004\101\004\102\004\114\000\040\004\060\004\073\004\063\004\076\004\100\004\070\004\102\004\074\004\060}{chapter.4}% 18
\BOOKMARK [1][-]{section.4.2}{\376\377\004\040\004\065\004\067\004\103\004\073\004\114\004\102\004\060\004\102\004\113\000\040\004\102\004\065\004\101\004\102\004\070\004\100\004\076\004\062\004\060\004\075\004\070\004\117\000\040\004\060\004\073\004\063\004\076\004\100\004\070\004\102\004\074\004\060}{chapter.4}% 19
\BOOKMARK [0][-]{figure.caption.3}{\376\377\004\027\004\020\004\032\004\033\004\056\004\047\004\025\004\035\004\030\004\025}{}% 20
\BOOKMARK [0][-]{Item.12}{\376\377\004\041\004\037\004\030\004\041\004\036\004\032\000\040\004\030\004\041\004\037\004\036\004\033\004\054\004\027\004\036\004\022\004\020\004\035\004\035\004\053\004\045\000\040\004\030\004\041\004\042\004\036\004\047\004\035\004\030\004\032\004\036\004\022}{}% 21
\BOOKMARK [0][-]{chapter*.4}{\376\377\004\037\004\040\004\030\004\033\004\036\004\026\004\025\004\035\004\030\004\025\000\040\004\020}{}% 22
\BOOKMARK [0][-]{lstnumber.4.5.77}{\376\377\004\037\004\040\004\030\004\033\004\036\004\026\004\025\004\035\004\030\004\025\000\040\004\021}{}% 23
